// Jest Snapshot v1, https://goo.gl/fbAQLP

exports[`Test suits for ModalEditProduct should match with snapshot 1`] = `
<div
  aria-hidden="true"
  aria-labelledby="staticBackdropLabel"
  className="modal fade"
  data-bs-backdrop="static"
  data-bs-keyboard="false"
  tabIndex="-1"
>
  <div
    className="modal-dialog modal-dialog-centered"
  >
    <div
      className="modal-content"
    >
      <div
        className="modal-header"
      >
        <h5
          className="modal-title"
          id="staticBackdropLabel"
        >
          Edit Product
        </h5>
        <button
          aria-label="Close"
          className="btn-close"
          data-bs-dismiss="modal"
          type="button"
        />
      </div>
      <div
        className="modal-body m-3"
      >
        <div
          className="d-flex justify-content-center"
        >
          <form>
            <div>
              <h5>
                Product Name
              </h5>
              <input
                className="form-control"
                name="nama"
                placeholder="Papel la casa"
                type="text"
              />
            </div>
            <div>
              <h5>
                Price
              </h5>
              <input
                className="form-control"
                name="harga"
                placeholder="$100"
                type="text"
              />
            </div>
            <div
              className="mt-3"
            >
              <h5>
                Description
              </h5>
              <textarea
                className="form-control"
                name="deskripsi"
                placeholder="lorem ipsum"
                type="text"
              />
            </div>
            <div
              className="custom-file mt-3"
            >
              <h5>
                Thumbnail
              </h5>
              <input
                className="form-control"
                id="customFile"
                multiple={true}
                name="product_images"
                type="file"
              />
            </div>
            <div
              className="text-center mt-3"
            />
          </form>
        </div>
      </div>
    </div>
  </div>
</div>
`;
